[vportfolio.amcoders.com/index.html]
[backblue.gif]
[fade.gif]
[index.html]
[vportfolio.amcoders.com/uploads/favicon.ico]
[vportfolio.amcoders.com/frontend/css/bootstrap.min.css]
[vportfolio.amcoders.com/frontend/css/fontawesome-all.min.css]
[vportfolio.amcoders.com/frontend/css/animate-heading.css]
[vportfolio.amcoders.com/frontend/css/magnific-popup.css]
[vportfolio.amcoders.com/frontend/css/owl.carousel.min.css]
[vportfolio.amcoders.com/frontend/css/meanmenu.css]
[vportfolio.amcoders.com/frontend/css/default.css]
[vportfolio.amcoders.com/frontend/css/dark.css]
[vportfolio.amcoders.com/frontend/css/responsive.css]
[vportfolio.amcoders.com/uploads/logo.png]
[vportfolio.amcoders.com/uploads/home_bg.jpg]
[vportfolio.amcoders.com/uploads/loader.gif]
[vportfolio.amcoders.com/frontend/img/portfolio/1.jpg]
[vportfolio.amcoders.com/frontend/img/portfolio/2.jpg]
[vportfolio.amcoders.com/frontend/img/portfolio/3.jpg]
[vportfolio.amcoders.com/frontend/img/portfolio/4.jpg]
[vportfolio.amcoders.com/frontend/img/portfolio/5.jpg]
[vportfolio.amcoders.com/frontend/img/portfolio/6.jpg]
[vportfolio.amcoders.com/cdn-cgi/l/email-protection.html]
[vportfolio.amcoders.com/cdn-cgi/scripts/5c5dd728/cloudflare-static/email-decode.min.js]
[vportfolio.amcoders.com/frontend/js/lazyload.min.js]
[vportfolio.amcoders.com/frontend/js/vendor/jquery-3.2.1.min.js]
[vportfolio.amcoders.com/frontend/js/popper.min.js]
[vportfolio.amcoders.com/frontend/js/bootstrap.min.js]
[vportfolio.amcoders.com/frontend/js/animate-heading.js]
[vportfolio.amcoders.com/frontend/js/particles.js]
[vportfolio.amcoders.com/frontend/js/particles-custom.js]
[vportfolio.amcoders.com/frontend/js/tilt.jquery.min.js]
[vportfolio.amcoders.com/frontend/js/jquery.nav.min.js]
[vportfolio.amcoders.com/frontend/js/isotope.pkgd.min.js]
[vportfolio.amcoders.com/frontend/js/imagesloaded.pkgd.min.js]
[vportfolio.amcoders.com/frontend/js/jquery.magnific-popup.min.js]
[vportfolio.amcoders.com/frontend/js/owl.carousel.min.js]
[vportfolio.amcoders.com/frontend/js/jquery.meanmenu.min.js]
[vportfolio.amcoders.com/frontend/js/jquery.smoothscroll.js]
[vportfolio.amcoders.com/frontend/js/main.js]
[vportfolio.amcoders.com/index.html]
[vportfolio.amcoders.com/frontend/css/bootstrap.min.css]
[vportfolio.amcoders.com/frontend/fonts/fa-brands-400.eot]
[vportfolio.amcoders.com/frontend/fonts/fa-brands-400d41d.eot]
[vportfolio.amcoders.com/frontend/fonts/fa-brands-400.woff2]
[vportfolio.amcoders.com/frontend/fonts/fa-brands-400.woff]
[vportfolio.amcoders.com/frontend/fonts/fa-brands-400.ttf]
[vportfolio.amcoders.com/frontend/fonts/fa-brands-400.svg]
[vportfolio.amcoders.com/frontend/fonts/fa-regular-400.eot]
[vportfolio.amcoders.com/frontend/fonts/fa-regular-400d41d.eot]
[vportfolio.amcoders.com/frontend/fonts/fa-regular-400.woff2]
[vportfolio.amcoders.com/frontend/fonts/fa-regular-400.woff]
[vportfolio.amcoders.com/frontend/fonts/fa-regular-400.ttf]
[vportfolio.amcoders.com/frontend/fonts/fa-regular-400.svg]
[vportfolio.amcoders.com/frontend/fonts/fa-solid-900.eot]
[vportfolio.amcoders.com/frontend/fonts/fa-solid-900d41d.eot]
[vportfolio.amcoders.com/frontend/fonts/fa-solid-900.woff2]
[vportfolio.amcoders.com/frontend/fonts/fa-solid-900.woff]
[vportfolio.amcoders.com/frontend/fonts/fa-solid-900.ttf]
[vportfolio.amcoders.com/frontend/css/fontawesome-all.min.css]
[vportfolio.amcoders.com/frontend/css/animate-heading.css]
[vportfolio.amcoders.com/frontend/css/magnific-popup.css]
[vportfolio.amcoders.com/frontend/fonts/fa-solid-900.svg]
[vportfolio.amcoders.com/frontend/css/owl.video.play.png]
[vportfolio.amcoders.com/frontend/css/owl.carousel.min.css]
[vportfolio.amcoders.com/frontend/css/meanmenu.css]
[vportfolio.amcoders.com/frontend/css/default.css]
[vportfolio.amcoders.com/frontend/img/preloading/1.gif]
[vportfolio.amcoders.com/frontend/css/dark.css]
[vportfolio.amcoders.com/frontend/css/responsive.css]
[vportfolio.amcoders.com/cdn-cgi/l/email-protection.html]
[vportfolio.amcoders.com/frontend/fonts/fa-brands-400.svg]
[vportfolio.amcoders.com/frontend/fonts/fa-regular-400.svg]
[vportfolio.amcoders.com/frontend/fonts/fa-solid-900.svg]
[vportfolio.amcoders.com/frontend/css/owl.video.play.html]
[fonts.gstatic.com/s/oswald/v48/TK3_WkUHHAIjg75cFRf3bXL8LICs1_FvsUZiYA.ttf]
[fonts.gstatic.com/s/oswald/v48/TK3_WkUHHAIjg75cFRf3bXL8LICs18NvsUZiYA.ttf]
[fonts.gstatic.com/s/oswald/v48/TK3_WkUHHAIjg75cFRf3bXL8LICs1y9osUZiYA.ttf]
[fonts.gstatic.com/s/pacifico/v22/FwZY7-Qmy14u9lezJ-6H6Mw.ttf]
[fonts.gstatic.com/s/quicksand/v29/6xK-dSZaM9iE8KbpRA_LJ3z8mH9BOJvgkP8o58a-xw.ttf]
[fonts.gstatic.com/s/quicksand/v29/6xK-dSZaM9iE8KbpRA_LJ3z8mH9BOJvgkM0o58a-xw.ttf]
[fonts.gstatic.com/s/quicksand/v29/6xK-dSZaM9iE8KbpRA_LJ3z8mH9BOJvgkCEv58a-xw.ttf]
[fonts.googleapis.com/css731e.css]
[fonts.gstatic.com/s/quicksand/v29/6xK-dSZaM9iE8KbpRA_LJ3z8mH9BOJvgkBgv58a-xw.ttf]
[www.w3.org/2000/svg]
